Mon 29 Dec 2025 04:00:01 AM CET: Limpieza completada
Tue 30 Dec 2025 04:00:02 AM CET: Limpieza completada
Wed 31 Dec 2025 04:00:30 AM CET: Limpieza completada
Thu 01 Jan 2026 04:00:01 AM CET: Limpieza completada
Fri 02 Jan 2026 04:00:01 AM CET: Limpieza completada
Sat 03 Jan 2026 04:00:01 AM CET: Limpieza completada
Sun 04 Jan 2026 04:00:01 AM CET: Limpieza completada
Mon 05 Jan 2026 04:00:01 AM CET: Limpieza completada
Tue 06 Jan 2026 04:00:02 AM CET: Limpieza completada
Wed 07 Jan 2026 04:00:01 AM CET: Limpieza completada
Thu 08 Jan 2026 04:00:01 AM CET: Limpieza completada
Fri 09 Jan 2026 04:00:01 AM CET: Limpieza completada
Sat 10 Jan 2026 04:00:01 AM CET: Limpieza completada
Sun 11 Jan 2026 04:00:02 AM CET: Limpieza completada
Mon 12 Jan 2026 04:00:01 AM CET: Limpieza completada
Tue 13 Jan 2026 04:00:01 AM CET: Limpieza completada
Wed 14 Jan 2026 04:00:01 AM CET: Limpieza completada
Thu 15 Jan 2026 04:00:01 AM CET: Limpieza completada
Fri 16 Jan 2026 04:00:01 AM CET: Limpieza completada
Sat 17 Jan 2026 04:00:01 AM CET: Limpieza completada
Sun 18 Jan 2026 04:00:02 AM CET: Limpieza completada
Mon 19 Jan 2026 04:00:01 AM CET: Limpieza completada
Tue 20 Jan 2026 04:00:02 AM CET: Limpieza completada
Wed 21 Jan 2026 04:00:02 AM CET: Limpieza completada
Thu 22 Jan 2026 04:00:01 AM CET: Limpieza completada
Fri 23 Jan 2026 04:00:01 AM CET: Limpieza completada
Sat 24 Jan 2026 04:00:01 AM CET: Limpieza completada
Sun 25 Jan 2026 04:00:02 AM CET: Limpieza completada
Mon 26 Jan 2026 04:00:02 AM CET: Limpieza completada
Tue 27 Jan 2026 04:00:02 AM CET: Limpieza completada
Wed 28 Jan 2026 04:00:03 AM CET: Limpieza completada
Thu 29 Jan 2026 04:00:02 AM CET: Limpieza completada
Fri 30 Jan 2026 04:00:01 AM CET: Limpieza completada
Sat 31 Jan 2026 04:00:03 AM CET: Limpieza completada
Sun 01 Feb 2026 04:00:01 AM CET: Limpieza completada
Mon 02 Feb 2026 04:00:01 AM CET: Limpieza completada
Tue 03 Feb 2026 04:00:01 AM CET: Limpieza completada
Wed 04 Feb 2026 04:00:01 AM CET: Limpieza completada
Thu 05 Feb 2026 04:00:02 AM CET: Limpieza completada
Fri 06 Feb 2026 04:00:01 AM CET: Limpieza completada
Sat 07 Feb 2026 04:00:02 AM CET: Limpieza completada
Sun 08 Feb 2026 04:00:01 AM CET: Limpieza completada
Mon 09 Feb 2026 04:00:01 AM CET: Limpieza completada
Tue 10 Feb 2026 04:00:01 AM CET: Limpieza completada
Wed 11 Feb 2026 04:00:02 AM CET: Limpieza completada
Thu 12 Feb 2026 04:00:02 AM CET: Limpieza completada
Fri 13 Feb 2026 04:00:01 AM CET: Limpieza completada
Sat 14 Feb 2026 04:00:01 AM CET: Limpieza completada
Sun 15 Feb 2026 04:00:01 AM CET: Limpieza completada
Mon 16 Feb 2026 04:00:01 AM CET: Limpieza completada
Tue 17 Feb 2026 04:00:02 AM CET: Limpieza completada
Wed 18 Feb 2026 04:00:01 AM CET: Limpieza completada
Thu 19 Feb 2026 04:00:01 AM CET: Limpieza completada
Fri 20 Feb 2026 04:00:02 AM CET: Limpieza completada
Sat 21 Feb 2026 04:00:01 AM CET: Limpieza completada
Sun 22 Feb 2026 04:00:02 AM CET: Limpieza completada
Mon 23 Feb 2026 04:00:01 AM CET: Limpieza completada
Tue 24 Feb 2026 04:00:02 AM CET: Limpieza completada
Wed 25 Feb 2026 04:00:01 AM CET: Limpieza completada
Thu 26 Feb 2026 04:00:01 AM CET: Limpieza completada
Fri 27 Feb 2026 04:00:02 AM CET: Limpieza completada
Sat 28 Feb 2026 04:00:01 AM CET: Limpieza completada
Sun 01 Mar 2026 04:00:01 AM CET: Limpieza completada
Mon 02 Mar 2026 04:00:02 AM CET: Limpieza completada
Tue 03 Mar 2026 04:00:02 AM CET: Limpieza completada
Wed 04 Mar 2026 04:00:01 AM CET: Limpieza completada
Thu 05 Mar 2026 04:00:01 AM CET: Limpieza completada
Fri 06 Mar 2026 04:00:01 AM CET: Limpieza completada
Sat 07 Mar 2026 04:00:01 AM CET: Limpieza completada
Sun 08 Mar 2026 04:00:02 AM CET: Limpieza completada
Mon 09 Mar 2026 04:00:01 AM CET: Limpieza completada
Tue 10 Mar 2026 04:00:01 AM CET: Limpieza completada
Wed 11 Mar 2026 04:00:01 AM CET: Limpieza completada
Thu 12 Mar 2026 04:00:01 AM CET: Limpieza completada
Fri 13 Mar 2026 04:00:02 AM CET: Limpieza completada
Sat 14 Mar 2026 04:00:02 AM CET: Limpieza completada
Sun 15 Mar 2026 04:00:02 AM CET: Limpieza completada
Mon 16 Mar 2026 04:00:01 AM CET: Limpieza completada
Tue 17 Mar 2026 04:00:02 AM CET: Limpieza completada
Wed 18 Mar 2026 04:00:02 AM CET: Limpieza completada
Thu 19 Mar 2026 04:00:01 AM CET: Limpieza completada
Fri 20 Mar 2026 04:00:01 AM CET: Limpieza completada
Sat 21 Mar 2026 04:00:02 AM CET: Limpieza completada
Sun 22 Mar 2026 04:00:02 AM CET: Limpieza completada
Mon 23 Mar 2026 04:00:02 AM CET: Limpieza completada
Tue 24 Mar 2026 04:00:01 AM CET: Limpieza completada
Wed 25 Mar 2026 04:00:01 AM CET: Limpieza completada
Thu 26 Mar 2026 04:00:02 AM CET: Limpieza completada
Fri 27 Mar 2026 04:00:01 AM CET: Limpieza completada
Sat 28 Mar 2026 04:00:02 AM CET: Limpieza completada
Sun 29 Mar 2026 04:00:01 AM CEST: Limpieza completada
Mon 30 Mar 2026 04:00:02 AM CEST: Limpieza completada
Tue 31 Mar 2026 04:00:01 AM CEST: Limpieza completada
Wed 01 Apr 2026 04:00:01 AM CEST: Limpieza completada
Thu 02 Apr 2026 04:00:01 AM CEST: Limpieza completada
Fri 03 Apr 2026 04:00:02 AM CEST: Limpieza completada
Sat 04 Apr 2026 04:00:01 AM CEST: Limpieza completada
Sun 05 Apr 2026 04:00:01 AM CEST: Limpieza completada
Mon 06 Apr 2026 04:00:01 AM CEST: Limpieza completada
Tue 07 Apr 2026 04:00:01 AM CEST: Limpieza completada
Wed 08 Apr 2026 04:00:01 AM CEST: Limpieza completada
Thu 09 Apr 2026 04:00:01 AM CEST: Limpieza completada
Fri 10 Apr 2026 04:00:01 AM CEST: Limpieza completada
Sat 11 Apr 2026 04:00:01 AM CEST: Limpieza completada
Sun 12 Apr 2026 04:00:01 AM CEST: Limpieza completada
Mon 13 Apr 2026 04:00:01 AM CEST: Limpieza completada
Tue 14 Apr 2026 04:00:01 AM CEST: Limpieza completada
Wed 15 Apr 2026 04:00:01 AM CEST: Limpieza completada
Thu 16 Apr 2026 04:00:01 AM CEST: Limpieza completada
Fri 17 Apr 2026 04:00:01 AM CEST: Limpieza completada
Sat 18 Apr 2026 04:00:01 AM CEST: Limpieza completada
Sun 19 Apr 2026 04:00:01 AM CEST: Limpieza completada
Mon 20 Apr 2026 04:00:01 AM CEST: Limpieza completada
Tue 21 Apr 2026 04:00:01 AM CEST: Limpieza completada
Wed 22 Apr 2026 04:00:01 AM CEST: Limpieza completada
Thu 23 Apr 2026 04:00:01 AM CEST: Limpieza completada
Fri 24 Apr 2026 04:00:01 AM CEST: Limpieza completada
Sat 25 Apr 2026 04:00:01 AM CEST: Limpieza completada
Sun 26 Apr 2026 04:00:02 AM CEST: Limpieza completada
Mon 27 Apr 2026 04:00:01 AM CEST: Limpieza completada
Tue 28 Apr 2026 04:00:01 AM CEST: Limpieza completada
Wed 29 Apr 2026 04:00:02 AM CEST: Limpieza completada
Thu 30 Apr 2026 04:00:02 AM CEST: Limpieza completada
Fri 01 May 2026 04:00:02 AM CEST: Limpieza completada
Sat 02 May 2026 04:00:01 AM CEST: Limpieza completada
Sun 03 May 2026 04:00:01 AM CEST: Limpieza completada
Mon 04 May 2026 04:00:02 AM CEST: Limpieza completada
Tue 05 May 2026 04:00:01 AM CEST: Limpieza completada
Wed 06 May 2026 04:00:01 AM CEST: Limpieza completada
Thu 07 May 2026 04:00:01 AM CEST: Limpieza completada
Fri 08 May 2026 04:00:02 AM CEST: Limpieza completada
Sat 09 May 2026 04:00:02 AM CEST: Limpieza completada
Sun 10 May 2026 04:00:01 AM CEST: Limpieza completada
Mon 11 May 2026 04:00:01 AM CEST: Limpieza completada
Tue 12 May 2026 04:00:01 AM CEST: Limpieza completada
Wed 13 May 2026 04:00:01 AM CEST: Limpieza completada
Thu 14 May 2026 04:00:02 AM CEST: Limpieza completada
Fri 15 May 2026 04:00:02 AM CEST: Limpieza completada
Sat 16 May 2026 04:00:01 AM CEST: Limpieza completada
Sun 17 May 2026 04:00:01 AM CEST: Limpieza completada
Mon 18 May 2026 04:00:02 AM CEST: Limpieza completada
Tue 19 May 2026 04:00:02 AM CEST: Limpieza completada
Wed 20 May 2026 04:00:02 AM CEST: Limpieza completada
Thu 21 May 2026 04:00:01 AM CEST: Limpieza completada
Fri 22 May 2026 04:00:01 AM CEST: Limpieza completada
Sat 23 May 2026 04:00:02 AM CEST: Limpieza completada
Sun 24 May 2026 04:00:02 AM CEST: Limpieza completada
Mon 25 May 2026 04:00:01 AM CEST: Limpieza completada
Tue 26 May 2026 04:00:01 AM CEST: Limpieza completada
Wed 27 May 2026 04:00:01 AM CEST: Limpieza completada
Thu 28 May 2026 04:00:02 AM CEST: Limpieza completada
Fri 29 May 2026 04:00:01 AM CEST: Limpieza completada
Sat 30 May 2026 04:00:02 AM CEST: Limpieza completada
Sun 31 May 2026 04:00:01 AM CEST: Limpieza completada
Mon 01 Jun 2026 04:00:01 AM CEST: Limpieza completada
Tue 02 Jun 2026 04:00:01 AM CEST: Limpieza completada
Wed 03 Jun 2026 04:00:01 AM CEST: Limpieza completada
Thu 04 Jun 2026 04:00:02 AM CEST: Limpieza completada
Fri 05 Jun 2026 04:00:01 AM CEST: Limpieza completada
Sat 06 Jun 2026 04:00:02 AM CEST: Limpieza completada
