[2025-12-28 16:43:58] === WEBHOOK RECIBIDO ===
------------------------------------------------------------
[2025-12-28 16:43:58] IP: 82.98.190.208
------------------------------------------------------------
[2025-12-28 16:43:58] RAW INPUT
{"email":"test@cesce.es","nota_oral":"8","nota_plataforma":"7","nota_clase":"9"}
------------------------------------------------------------
[2025-12-28 16:43:58] DATOS PARSEADOS
Array
(
    [email] => test@cesce.es
    [nota_oral] => 8
    [nota_plataforma] => 7
    [nota_clase] => 9
)

------------------------------------------------------------
[2025-12-28 16:43:58] REGISTRO MAPEADO
Array
(
    [email] => test@cesce.es
    [grupo] => Sin asignar
    [nivel] => B1
    [profesor] => 
    [nota_oral] => 8
    [nota_plataforma] => 7
    [nota_clase] => 9
    [nota_final] => 8
    [pass_yn] => Y
    [comentario] => 
    [edicion] => 25.2
)

------------------------------------------------------------
[2025-12-28 16:43:58] INSERTADO ID: 1
------------------------------------------------------------
