============================================================
  CODING - Recordatorio Notas CESCE
  Edicion: 25.2
  Fecha: 2025-12-29 20:00:02
  Modo: PRODUCCION
============================================================

------------------------------------------------------------
Profesor: 
  ⚠️ Email no encontrado para 
------------------------------------------------------------
Profesor: Amber
  ✅ Email enviado a: amber@live5.tuspeaking.com
------------------------------------------------------------
Profesor: Candice
  ✅ Email enviado a: candice@live4.tuspeaking.com
------------------------------------------------------------
Profesor: Eldina
  ✅ Email enviado a: eldina@live3.tuspeaking.com
  ✅ Email enviado a: eldina_n@yahoo.com
------------------------------------------------------------
Profesor: Javier
  ✅ Email enviado a: javier@tuspeaking.com
------------------------------------------------------------
Profesor: Jessica
  ✅ Email enviado a: jessica@live6.tuspeaking.com
------------------------------------------------------------
Profesor: Kate
  ✅ Email enviado a: kate@live.tuspeaking.com
  ✅ Email enviado a: kateklopper44@gmail.com
------------------------------------------------------------
Profesor: Odile
  ✅ Email enviado a: odile@live4.tuspeaking.com
  ✅ Email enviado a: tezel_odile@hotmail.fr
------------------------------------------------------------
Profesor: RJ
  ✅ Email enviado a: reddy@live10.tuspeaking.com
------------------------------------------------------------
Profesor: Rosario
  ⚠️ Email no encontrado para Rosario
------------------------------------------------------------
Profesor: Steve
  ✅ Email enviado a: steve@live.tuspeaking.com
  ✅ Email enviado a: teacherklopper@gmail.com

📧 Resumen enviado a admin: hfernandez@tuspeaking.com

============================================================
  RESUMEN FINAL
============================================================
  Profesores completados: 0
  Profesores pendientes: 11
============================================================
============================================================
  CODING - Recordatorio Notas CESCE
  Edicion: 25.2
  Fecha: 2025-12-30 15:00:02
  Modo: PRODUCCION
============================================================

------------------------------------------------------------
Profesor: 
  ⚠️ Email no encontrado para 
------------------------------------------------------------
Profesor: Amber
  ✅ Email enviado a: amber@live5.tuspeaking.com
------------------------------------------------------------
Profesor: Candice
  ✅ Email enviado a: candice@live4.tuspeaking.com
------------------------------------------------------------
Profesor: Eldina
  ✅ Email enviado a: eldina@live3.tuspeaking.com
  ✅ Email enviado a: eldina_n@yahoo.com
------------------------------------------------------------
Profesor: Javier
  ✅ Email enviado a: javier@tuspeaking.com
------------------------------------------------------------
Profesor: Jessica
  ✅ Email enviado a: jessica@live6.tuspeaking.com
------------------------------------------------------------
Profesor: Kate
  ✅ Email enviado a: kate@live.tuspeaking.com
  ✅ Email enviado a: kateklopper44@gmail.com
------------------------------------------------------------
Profesor: Odile
  ✅ Email enviado a: odile@live4.tuspeaking.com
  ✅ Email enviado a: tezel_odile@hotmail.fr
------------------------------------------------------------
Profesor: RJ
  ✅ Email enviado a: reddy@live10.tuspeaking.com
------------------------------------------------------------
Profesor: Rosario
  ⚠️ Email no encontrado para Rosario
------------------------------------------------------------
Profesor: Steve
  ✅ Email enviado a: steve@live.tuspeaking.com
  ✅ Email enviado a: teacherklopper@gmail.com

📧 Resumen enviado a admin: hfernandez@tuspeaking.com

============================================================
  RESUMEN FINAL
============================================================
  Profesores completados: 0
  Profesores pendientes: 11
============================================================
============================================================
  CODING - Recordatorio Notas CESCE
  Edicion: 25.2
  Fecha: 2025-12-31 10:00:01
  Modo: PRODUCCION
============================================================

------------------------------------------------------------
Profesor: 
  ⚠️ Email no encontrado para 
------------------------------------------------------------
Profesor: Amber
  ✅ Email enviado a: amber@live5.tuspeaking.com
------------------------------------------------------------
Profesor: Candice
  ✅ Email enviado a: candice@live4.tuspeaking.com
------------------------------------------------------------
Profesor: Eldina
  ✅ Email enviado a: eldina@live3.tuspeaking.com
  ✅ Email enviado a: eldina_n@yahoo.com
------------------------------------------------------------
Profesor: Javier
  ✅ Email enviado a: javier@tuspeaking.com
------------------------------------------------------------
Profesor: Jessica
  ✅ Email enviado a: jessica@live6.tuspeaking.com
------------------------------------------------------------
Profesor: Kate
  ✅ Email enviado a: kate@live.tuspeaking.com
  ✅ Email enviado a: kateklopper44@gmail.com
------------------------------------------------------------
Profesor: Odile
  ✅ Email enviado a: odile@live4.tuspeaking.com
  ✅ Email enviado a: tezel_odile@hotmail.fr
------------------------------------------------------------
Profesor: RJ
  ✅ Email enviado a: reddy@live10.tuspeaking.com
------------------------------------------------------------
Profesor: Rosario
  ⚠️ Email no encontrado para Rosario
------------------------------------------------------------
Profesor: Steve
  ✅ Email enviado a: steve@live.tuspeaking.com
  ✅ Email enviado a: teacherklopper@gmail.com

📧 Resumen enviado a admin: hfernandez@tuspeaking.com

============================================================
  RESUMEN FINAL
============================================================
  Profesores completados: 0
  Profesores pendientes: 11
============================================================
============================================================
  CODING - Recordatorio Notas CESCE
  Edicion: 25.2
  Fecha: 2025-12-31 14:00:02
  Modo: PRODUCCION
============================================================

------------------------------------------------------------
Profesor: 
  ⚠️ Email no encontrado para 
------------------------------------------------------------
Profesor: Amber
  ✅ Email enviado a: amber@live5.tuspeaking.com
------------------------------------------------------------
Profesor: Candice
  ✅ Email enviado a: candice@live4.tuspeaking.com
------------------------------------------------------------
Profesor: Eldina
  ✅ Email enviado a: eldina@live3.tuspeaking.com
  ✅ Email enviado a: eldina_n@yahoo.com
------------------------------------------------------------
Profesor: Javier
  ✅ Email enviado a: javier@tuspeaking.com
------------------------------------------------------------
Profesor: Jessica
  ✅ Email enviado a: jessica@live6.tuspeaking.com
------------------------------------------------------------
Profesor: Kate
  ✅ Email enviado a: kate@live.tuspeaking.com
  ✅ Email enviado a: kateklopper44@gmail.com
------------------------------------------------------------
Profesor: Odile
  ✅ Email enviado a: odile@live4.tuspeaking.com
  ✅ Email enviado a: tezel_odile@hotmail.fr
------------------------------------------------------------
Profesor: RJ
  ✅ Email enviado a: reddy@live10.tuspeaking.com
------------------------------------------------------------
Profesor: Rosario
  ⚠️ Email no encontrado para Rosario
------------------------------------------------------------
Profesor: Steve
  ✅ Email enviado a: steve@live.tuspeaking.com
  ✅ Email enviado a: teacherklopper@gmail.com

📧 Resumen enviado a admin: hfernandez@tuspeaking.com

============================================================
  RESUMEN FINAL
============================================================
  Profesores completados: 0
  Profesores pendientes: 11
============================================================
